---
source: tests/init.rs
expression: err

---
error: given path new is not a folder

